hardware_arm.c:167:6:Hw_Wait_Micsecs	0	static
hardware_arm.c:178:6:Hw_Sleep	0	static
hardware_arm.c:184:29:Hw_SysTick_Handler	16	static
hardware_arm.c:321:29:Hw_Fault_Exception_Handler	0	static
hardware_arm.c:409:12:Hw_Getch	16	static
hardware_arm.c:441:6:Hw_Set_Speed	32	static
hardware_arm.c:512:6:Hw_Throttle_Speed	24	static
hardware_arm.c:566:6:Hw_Powerdown_System	32	static
hardware_arm.c:628:9:Hw_Get_System_Time	0	static
hardware_arm.c:634:6:Hw_Set_System_Time	0	static
hardware_arm.c:640:5:Hw_Battery_Newgame_Ok	0	static
hardware_arm.c:785:6:Hw_Set_Bat_Mon_Callback	0	static
hardware_arm.c:804:6:Hw_Trigger_Watchdog	0	static
hardware_arm.c:810:6:Hw_Sys_Reset	8	static
hardware_arm.c:237:36:Hw_Fault_Exception_Processing	32	static
hardware_arm.c:821:6:Hw_Save_Config	16	static
hardware_arm.c:834:6:Hw_Set_Default_Config	0	static
hardware_arm.c:871:15:Hw_Load_Game	16	static
hardware_arm.c:928:28:Hw_Save_Game	2936	static
hardware_arm.c:1001:15:Hw_Erase_Game	8	static
hardware_arm.c:845:6:Hw_Load_Config	24	static
hardware_arm.c:711:6:Hw_Setup_System	24	static
hardware_arm.c:1012:6:Hw_Seed	0	static
hardware_arm.c:1018:6:Hw_Add_Randomness	0	static
hardware_arm.c:1030:10:Hw_Rand	0	static
hardware_arm.c:1039:14:Hw_Check_FW_Image	8	static
hardware_arm.c:1055:14:Hw_Check_RAM_ROM_XTAL_Keys	8	static
hardware_arm.c:1100:14:Hw_Get_Reset_Cause	24	static
hardware_arm.c:1134:6:Hw_Clear_Reset_Cause	0	static
hardware_arm.c:1143:17:Hw_Tell_Autosave_State	0	static
hardware_arm.c:1150:6:Hw_User_Interaction_Passed	0	static
