hmi.c:281:12:Hmi_Square_To_Viewport	0	static
hmi.c:1991:13:Hmi_Disp_Cgl_Board	104	static
hmi.c:525:13:Hmi_Move_Pretty_Print	24	static
hmi.c:152:1:Hmi_No_Restore_Dialogue	128	static
hmi.c:434:12:Hmi_Is_Promotion	8	static
hmi.c:454:13:Hmi_Get_Pv_Info	40	static
hmi.c:1787:6:Hmi_Set_Cursor.part.1	0	static
hmi.c:642:6:Hmi_Restore_Viewport	0	static
hmi.c:791:6:Hmi_Clear_Pretty_Print	0	static
hmi.c:800:6:Hmi_Init_Board	0	static
hmi.c:318:13:Hmi_Get_Current_Board	32	static
hmi.c:816:6:Hmi_Get_Piece_Char	0	static
hmi.c:866:6:Hmi_Print_Piecelist	24	static
hmi.c:929:6:Hmi_Add_Material_Disp	16	static
hmi.c:1091:6:Hmi_Clear_Input_Move	8	static
hmi.c:1248:6:Hmi_Erase_Second_Player_Time	8	static
hmi.c:1353:6:Hmi_Prepare_Pretty_Print	16	static
hmi.c:1627:17:Hmi_Conf_Dialogue	32	static
hmi.c:1652:6:Hmi_Reboot_Dialogue	32	static
hmi.c:1662:6:Hmi_Set_Bat_Display	0	static
hmi.c:590:19:Hmi_Build_Alternate_Screen	16	static
hmi.c:663:30:Hmi_Disp_Movelist	168	static
hmi.c:947:1:Hmi_Display_Current_Board	176	static
hmi.c:1254:19:Hmi_Build_Mating_Screen	16	static
hmi.c:603:13:Hmi_Update_Search_Disp	24	static
hmi.c:1264:19:Hmi_Update_Analysis_Screen	104	static
hmi.c:1305:19:Hmi_Update_Alternate_Screen	96	static
hmi.c:1335:19:Hmi_Build_Analysis_Screen	104	static
hmi.c:1387:19:Hmi_Build_Game_Screen	72	static
hmi.c:1787:6:Hmi_Set_Cursor	4	static
hmi.c:1019:6:Hmi_Disp_Move_Char	16	static
hmi.c:1065:6:Hmi_Disp_Move_Line	16	static
hmi.c:1101:6:Hmi_Update_Running_Time	48	static
hmi.c:2206:19:Hmi_Show_Start_Screen	96	static
hmi.c:2233:19:Hmi_Show_Bat_Wait_Screen	112	static
hmi.c:2273:6:Hmi_Setup_System	0	static
hmi.c:2279:6:Hmi_Save_Status	16	static
hmi.c:2287:6:Hmi_Load_Status	16	static
hmi.c:2294:6:Hmi_Signal	8	static
hmi.c:1671:6:Hmi_Battery_Shutdown	24	static
hmi.c:1710:5:Hmi_Battery_Info	32	static
hmi.c:1901:17:Hmi_Wait_Keypress	16	static
hmi.c:2066:19:Hmi_Game_Of_Life	400	static
