menu.c:1392:13:Menu_Time_Details_Logic	12	static
menu.c:1328:13:Menu_Time_Details_String	8	static
menu.c:223:13:Menu_Set_Clock_String	8	static
menu.c:1026:37:Menu_File_Book	128	static
menu.c:1091:37:Menu_File	136	static
menu.c:1210:37:Menu_Time_Game_Mode	144	static
menu.c:1461:37:Menu_Time_Details	152	static
menu.c:818:37:Menu_Boni_Fischer	136	static
menu.c:746:37:Menu_Boni_Player	136	static
menu.c:919:37:Menu_Boni_Factor	128	static
menu.c:1591:37:Menu_Time_Boni	96	static
menu.c:1646:37:Menu_Time	96	static
menu.c:131:37:Menu_Misc_Colour	128	static
menu.c:591:37:Menu_Misc_Eval_Noise	112	static
menu.c:54:37:Menu_Pos	120	static
menu.c:253:37:Menu_Misc_Speed	128	static
menu.c:329:37:Menu_Misc_Disp	112	static
menu.c:490:37:Menu_Misc_Speaker	136	static
menu.c:420:37:Menu_Misc_Light	136	static
menu.c:669:37:Menu_Misc	96	static
menu.c:1739:1:Menu_Main	144	static
menu.c:1856:6:Menu_Save_Status	0	static
menu.c:1862:6:Menu_Load_Status	0	static
