move_gen.c:121:13:Mvgen_Add_White_Mv	24	static
move_gen.c:1042:13:Mvgen_Add_Black_Mv	24	static
move_gen.c:853:13:Mvgen_Add_White_Pawn_Captures_And_Promotions.isra.1	56	static
move_gen.c:836:13:Mvgen_Add_White_Pawn_No_Caps_No_Prom_Moves.isra.2	48	static
move_gen.c:762:13:Mvgen_Add_White_Rook_Evasions.isra.4	72	static
move_gen.c:300:13:Mvgen_Add_White_Bishop_Evasions.isra.5	64	static
move_gen.c:696:13:Mvgen_Add_White_Rook_Moves.isra.7	64	static
move_gen.c:234:13:Mvgen_Add_White_Bishop_Moves.isra.8	64	static
move_gen.c:634:13:Mvgen_Add_White_Rook_Captures.isra.10	48	static
move_gen.c:172:13:Mvgen_Add_White_Bishop_Captures.isra.11	48	static
move_gen.c:1782:13:Mvgen_Add_Black_Pawn_Captures_And_Promotions.isra.14	56	static
move_gen.c:1765:13:Mvgen_Add_Black_Pawn_No_Caps_No_Prom_Moves.isra.15	48	static
move_gen.c:1687:13:Mvgen_Add_Black_Rook_Evasions.isra.17	64	static
move_gen.c:1216:13:Mvgen_Add_Black_Bishop_Evasions.isra.18	64	static
move_gen.c:1617:13:Mvgen_Add_Black_Rook_Moves.isra.20	72	static
move_gen.c:1146:13:Mvgen_Add_Black_Bishop_Moves.isra.21	64	static
move_gen.c:1555:13:Mvgen_Add_Black_Rook_Captures.isra.22	48	static
move_gen.c:1084:13:Mvgen_Add_Black_Bishop_Captures.isra.24	48	static
move_gen.c:89:7:Mvgen_Compress_Move	4	static
move_gen.c:104:6:Mvgen_Decompress_Move	8	static
move_gen.c:2172:5:Mvgen_White_King_In_Check_Info	56	static
move_gen.c:2525:5:Mvgen_Black_King_In_Check_Info	64	static
move_gen.c:2869:5:Mvgen_White_King_In_Check	36	static
move_gen.c:1974:6:Mvgen_Add_White_King_Moves	48	static
move_gen.c:3048:5:Mvgen_Black_King_In_Check	12	static
move_gen.c:2073:6:Mvgen_Add_Black_King_Moves	48	static
move_gen.c:3219:5:Mvgen_Find_All_White_Evasions	80	static
move_gen.c:3282:5:Mvgen_Find_All_Black_Evasions	80	static
move_gen.c:3345:5:Mvgen_Find_All_White_Moves	72	static
move_gen.c:3385:5:Mvgen_Find_All_Black_Moves	72	static
move_gen.c:3425:5:Mvgen_Find_All_White_Captures_And_Promotions	72	static
move_gen.c:3463:5:Mvgen_Find_All_Black_Captures_And_Promotions	72	static
move_gen.c:3512:5:Mvgen_Check_Move_Legality	16	static
