play.c:2719:38:Play_King_Positions_Ok	0	static
play.c:1404:25:Play_Find_Legal_Moves	24	static
play.c:304:13:Play_Init_Pieces	16	static
play.c:684:13:Play_Set_Starting_Position	24	static
play.c:2876:26:Play_POST_Fault_Display	88	static
play.c:2962:26:Play_Sysreset_Cause_Display	56	static
play.c:3035:26:Play_Handle_Autosave_Warning	24	static
play.c:1442:25:Play_Get_Mated_Or_Mat_Draw	832	static
play.c:441:12:Play_Undo_Last_Ply	56	static
play.c:1465:25:Play_Get_Repetition_Or_Fifty_Draw	8	static
play.c:785:26:Play_Get_Game_Info	32	static
play.c:893:26:Play_Get_Pv_Info	32	static
play.c:920:25:Play_Get_User_Input	944	static
play.c:1253:1:Play_Get_Player_Move	56	static
play.c:1389:13:Play_Update_Special_Conditions.isra.0	0	static
play.c:523:12:Play_Undo_Last_Move.part.2	8	static
play.c:533:12:Play_Redo_Last_Move.part.3	40	static
play.c:1490:1:Play_Handling_White	896	static
play.c:1946:1:Play_Handling_Black	896	static
play.c:2448:13:Play_Convert_Starting_Pos.constprop	64	static
play.c:1425:31:Play_Get_Status	816	static
play.c:1846:1:Play_Handling_White_Post	40	static
play.c:2299:1:Play_Handling_Black_Post	40	static
play.c:2388:26:Play_Handling	16	static
play.c:1478:5:Play_Move_Is_Valid	8	static
play.c:2425:6:Play_Save_Status	24	static
play.c:2734:31:Play_Load_Position	1632	static
play.c:2829:6:Play_Load_Status	40	static
play.c:3048:15:main	32	static
