search.c:149:22:Search_Do_Sort	48	static
search.c:216:13:Search_Find_Put_To_Top	16	static
search.c:242:13:Search_Find_Put_To_Top_Root	16	static
search.c:270:22:Search_Swap_Best_To_Top	12	static
search.c:337:29:Search_Flatten_Difference	16	static
search.c:860:26:Search_Adjust_Priorities	36	static
search.c:1012:25:Search_Endgame_Reduct	0	static
search.c:2145:26:Search_Setup_Noise	4	static
search.c:1696:13:Search_Reset_History	8	static
search.c:305:25:Search_Mate_Noise	8	static
search.c:297:6:Search_Get_Current_Root_Move	0	static
search.c:1708:6:Search_Make_Move	48	static
search.c:1858:6:Search_Retract_Last_Move	24	static
search.c:1642:25:Search_Is_Checkmate	1112	static
search.c:2005:26:Search_Sort_50_Moves	880	static
search.c:365:25:Search_Quiescence	384	static
search.c:1575:25:Search_Play_And_Sort_Moves	880	static
search.c:1036:1:Search_Negascout	1032	static
search.c:610:25:Search_Negamate	984	static
search.c:2582:1:Search_Get_Mate_Solution	896	static
search.c:1913:6:Search_Try_Move	28	static
search.c:2087:18:Search_Get_Root_Move_List	80	static
search.c:2158:1:Search_Get_Best_Move	1008	static
search.c:2672:19:Search_Mate_Solver	944	static
