timekeeping.c:49:16:Calculate_Move_Time	12	static
timekeeping.c:229:13:Time_Intermediate_Display	32	static
timekeeping.c:438:6:Time_Give_Bonus	12	static
timekeeping.c:459:6:Time_Countdown	12	static
timekeeping.c:513:23:Time_Player_Intermediate_Check	24	static
timekeeping.c:539:21:Time_Control	12	static
timekeeping.c:565:5:Time_Undo_OK	4	static
timekeeping.c:590:6:Time_Undo	20	static
timekeeping.c:626:6:Time_Redo	12	static
timekeeping.c:647:6:Time_Init_Game	28	static
timekeeping.c:725:22:Time_Init	32	static
timekeeping.c:735:6:Time_Override_Stop_Time	0	static
timekeeping.c:742:6:Time_Set_Start	16	static
timekeeping.c:775:19:Time_Set_Current	8	static
timekeeping.c:784:19:Time_Set_Stop	8	static
timekeeping.c:791:19:Time_Cancel_Used_Time	0	static
timekeeping.c:799:9:Time_Passed	8	static
timekeeping.c:805:19:Time_Add_Conf_Delay	0	static
timekeeping.c:811:19:Time_Clear_Conf_Delay	0	static
timekeeping.c:817:5:Time_Check	24	static
timekeeping.c:845:19:Time_Delay	16	static
timekeeping.c:875:6:Time_Enforce_Comp_Move	0	static
timekeeping.c:882:6:Time_Enforce_Disp_Toggle	0	static
timekeeping.c:888:6:Time_Change_To_TPM_After_Loss	16	static
timekeeping.c:907:9:Time_Get_Current_Player	4	static
timekeeping.c:938:6:Time_Save_Status	32	static
timekeeping.c:981:6:Time_Load_Status	12	static
