util.c:126:6:Util_Key_To_Char	0	static
util.c:151:6:Util_Key_To_Digit	0	static
util.c:176:6:Util_Key_To_Prom	0	static
util.c:194:10:Util_Crc32	32	static
util.c:221:9:Util_Crc8	32	static
util.c:252:10:Util_Hex_Long_To_Int	0	static
util.c:265:6:Util_Long_Int_To_Hex	8	static
util.c:281:6:Util_Strcpy	0	static
util.c:287:6:Util_Strcat	0	static
util.c:296:6:Util_Strins	0	static
util.c:303:5:Util_Strcmp	0	static
util.c:316:8:Util_Strlen	0	static
util.c:337:6:Util_Time_To_String	20	static
util.c:408:6:Util_Long_Time_To_String	16	static
util.c:427:6:Util_Depth_To_String	0	static
util.c:448:6:Util_Centipawns_To_String	16	static
util.c:481:6:Util_Itoa	4	static
util.c:519:6:Util_Pawns_To_String	16	static
util.c:556:5:Util_Convert_Moves	12	static
util.c:600:6:Util_Memzero	16	static
util.c:647:6:Util_Memcpy	16	static
util.c:715:6:Util_Movelinecpy	0	static
